// Jest Snapshot v1, https://goo.gl/fbAQLP

exports[`should render ProductDetail component 1`] = `undefined`;
