// Jest Snapshot v1, https://goo.gl/fbAQLP

exports[`should render ProductList component 1`] = `ShallowWrapper {}`;
