// Jest Snapshot v1, https://goo.gl/fbAQLP

exports[`should render Product component 1`] = `ShallowWrapper {}`;
